[13352:12920:0915/130703.324:WARNING:chrome_main_delegate.cc(745)] This is Chrome version 128.0.6613.138 (not a warning)
[13352:2504:0915/130703.384:ERROR:google_update_settings.cc(265)] Failed opening key Software\Chromium to set usagestats; result: 5
[13352:12920:0915/130703.401:WARNING:account_consistency_mode_manager.cc(77)] Desktop Identity Consistency cannot be enabled as no OAuth client ID and client secret have been configured.
[18600:3536:0915/130713.919:WARNING:frame_impl.cc(430)] virtual CefFrameImpl::SendProcessMessage sent to detached frame 5-2BDFF3B69B0838DF5383DF09CD224E43 will be ignored
[13352:12920:0915/135101.365:ERROR:device_event_log_impl.cc(196)] [13:51:01.134] USB: usb_service_win.cc:105 SetupDiGetDeviceProperty({{A45C254E-DF1C-4EFD-8020-67D146A850E0}, 6}) failed: Élément introuvable. (0x490)
[13352:12920:0915/143435.284:ERROR:device_event_log_impl.cc(196)] [14:34:35.106] USB: usb_service_win.cc:105 SetupDiGetDeviceProperty({{A45C254E-DF1C-4EFD-8020-67D146A850E0}, 6}) failed: Élément introuvable. (0x490)
[13352:12920:0915/150158.462:WARNING:page_discarding_helper.cc(138)] Discarding multiple pages with target (kb): 0
[13352:12920:0915/151257.154:WARNING:page_discarding_helper.cc(138)] Discarding multiple pages with target (kb): 0
[13352:12920:0915/151302.192:WARNING:page_discarding_helper.cc(138)] Discarding multiple pages with target (kb): 0
[13352:12920:0915/151312.225:WARNING:page_discarding_helper.cc(138)] Discarding multiple pages with target (kb): 0
[13352:12920:0915/151608.834:WARNING:page_discarding_helper.cc(138)] Discarding multiple pages with target (kb): 0
[13352:12920:0915/151613.864:WARNING:page_discarding_helper.cc(138)] Discarding multiple pages with target (kb): 0
[13352:12920:0915/151618.890:WARNING:page_discarding_helper.cc(138)] Discarding multiple pages with target (kb): 0
[13352:12920:0915/151623.899:WARNING:page_discarding_helper.cc(138)] Discarding multiple pages with target (kb): 0
[13352:12920:0915/161011.679:WARNING:page_discarding_helper.cc(138)] Discarding multiple pages with target (kb): 0
[13352:12920:0915/161026.739:WARNING:page_discarding_helper.cc(138)] Discarding multiple pages with target (kb): 0
[13352:12920:0915/161037.419:WARNING:page_discarding_helper.cc(138)] Discarding multiple pages with target (kb): 0
[13352:12920:0915/161333.685:WARNING:page_discarding_helper.cc(138)] Discarding multiple pages with target (kb): 0
[13352:12920:0915/161413.867:WARNING:page_discarding_helper.cc(138)] Discarding multiple pages with target (kb): 0
[13352:12920:0915/161454.570:WARNING:page_discarding_helper.cc(138)] Discarding multiple pages with target (kb): 0
[13352:12920:0915/161941.422:WARNING:page_discarding_helper.cc(138)] Discarding multiple pages with target (kb): 0
[13352:12920:0915/162126.695:WARNING:page_discarding_helper.cc(138)] Discarding multiple pages with target (kb): 0
[13352:12920:0915/162322.650:WARNING:page_discarding_helper.cc(138)] Discarding multiple pages with target (kb): 0
[13352:12920:0915/162352.835:WARNING:page_discarding_helper.cc(138)] Discarding multiple pages with target (kb): 0
[13352:12920:0915/162423.053:WARNING:page_discarding_helper.cc(138)] Discarding multiple pages with target (kb): 0
[13352:12920:0915/162428.054:WARNING:page_discarding_helper.cc(138)] Discarding multiple pages with target (kb): 0
[13352:12920:0915/162433.094:WARNING:page_discarding_helper.cc(138)] Discarding multiple pages with target (kb): 0
[13352:12920:0915/162438.155:WARNING:page_discarding_helper.cc(138)] Discarding multiple pages with target (kb): 0
[13352:12920:0915/162443.162:WARNING:page_discarding_helper.cc(138)] Discarding multiple pages with target (kb): 0
[13352:12920:0915/162448.214:WARNING:page_discarding_helper.cc(138)] Discarding multiple pages with target (kb): 0
[13352:12920:0915/162453.227:WARNING:page_discarding_helper.cc(138)] Discarding multiple pages with target (kb): 0
[13352:12920:0915/162458.262:WARNING:page_discarding_helper.cc(138)] Discarding multiple pages with target (kb): 0
[13352:12920:0915/162503.267:WARNING:page_discarding_helper.cc(138)] Discarding multiple pages with target (kb): 0
[13352:12920:0915/162608.571:WARNING:page_discarding_helper.cc(138)] Discarding multiple pages with target (kb): 0
[13352:12920:0915/162613.584:WARNING:page_discarding_helper.cc(138)] Discarding multiple pages with target (kb): 0
[13352:12920:0915/163045.264:WARNING:page_discarding_helper.cc(138)] Discarding multiple pages with target (kb): 0
[13352:12920:0915/163427.508:WARNING:page_discarding_helper.cc(138)] Discarding multiple pages with target (kb): 0
[13352:12920:0915/163538.128:WARNING:page_discarding_helper.cc(138)] Discarding multiple pages with target (kb): 0
[13352:12920:0915/163839.609:WARNING:page_discarding_helper.cc(138)] Discarding multiple pages with target (kb): 0
[13352:12920:0915/163844.665:WARNING:page_discarding_helper.cc(138)] Discarding multiple pages with target (kb): 0
[13352:12920:0915/163849.681:WARNING:page_discarding_helper.cc(138)] Discarding multiple pages with target (kb): 0
[13352:12920:0915/163925.038:WARNING:page_discarding_helper.cc(138)] Discarding multiple pages with target (kb): 0
[13352:12920:0915/163935.075:WARNING:page_discarding_helper.cc(138)] Discarding multiple pages with target (kb): 0
[13352:12920:0915/163940.104:WARNING:page_discarding_helper.cc(138)] Discarding multiple pages with target (kb): 0
[13352:12920:0915/164025.389:WARNING:page_discarding_helper.cc(138)] Discarding multiple pages with target (kb): 0
[13352:12920:0915/164030.443:WARNING:page_discarding_helper.cc(138)] Discarding multiple pages with target (kb): 0
[13352:12920:0915/164035.453:WARNING:page_discarding_helper.cc(138)] Discarding multiple pages with target (kb): 0
[13352:12920:0915/164040.501:WARNING:page_discarding_helper.cc(138)] Discarding multiple pages with target (kb): 0
[13352:12920:0915/164045.528:WARNING:page_discarding_helper.cc(138)] Discarding multiple pages with target (kb): 0
[13352:12920:0915/164050.583:WARNING:page_discarding_helper.cc(138)] Discarding multiple pages with target (kb): 0
[13352:12920:0915/164055.640:WARNING:page_discarding_helper.cc(138)] Discarding multiple pages with target (kb): 0
[13352:12920:0915/164100.640:WARNING:page_discarding_helper.cc(138)] Discarding multiple pages with target (kb): 0
[13352:12920:0915/164105.640:WARNING:page_discarding_helper.cc(138)] Discarding multiple pages with target (kb): 0
[13352:12920:0915/164110.645:WARNING:page_discarding_helper.cc(138)] Discarding multiple pages with target (kb): 0
[13352:12920:0915/164115.654:WARNING:page_discarding_helper.cc(138)] Discarding multiple pages with target (kb): 0
[13352:12920:0915/164120.654:WARNING:page_discarding_helper.cc(138)] Discarding multiple pages with target (kb): 0
[13352:12920:0915/164125.667:WARNING:page_discarding_helper.cc(138)] Discarding multiple pages with target (kb): 0
[13352:12920:0915/164130.667:WARNING:page_discarding_helper.cc(138)] Discarding multiple pages with target (kb): 0
[13352:12920:0915/164135.700:WARNING:page_discarding_helper.cc(138)] Discarding multiple pages with target (kb): 0
[13352:12920:0915/164140.748:WARNING:page_discarding_helper.cc(138)] Discarding multiple pages with target (kb): 0
[13352:12920:0915/164145.747:WARNING:page_discarding_helper.cc(138)] Discarding multiple pages with target (kb): 0
[13352:12920:0915/164346.547:WARNING:page_discarding_helper.cc(138)] Discarding multiple pages with target (kb): 0
[13352:12920:0915/164401.739:WARNING:page_discarding_helper.cc(138)] Discarding multiple pages with target (kb): 0
[13352:12920:0915/164406.778:WARNING:page_discarding_helper.cc(138)] Discarding multiple pages with target (kb): 0
[13352:12920:0915/164411.824:WARNING:page_discarding_helper.cc(138)] Discarding multiple pages with target (kb): 0
[13352:12920:0915/164427.081:WARNING:page_discarding_helper.cc(138)] Discarding multiple pages with target (kb): 0
[13352:12920:0915/164432.111:WARNING:page_discarding_helper.cc(138)] Discarding multiple pages with target (kb): 0
[13352:12920:0915/164437.124:WARNING:page_discarding_helper.cc(138)] Discarding multiple pages with target (kb): 0
[13352:12920:0915/164442.147:WARNING:page_discarding_helper.cc(138)] Discarding multiple pages with target (kb): 0
[13352:12920:0915/164447.190:WARNING:page_discarding_helper.cc(138)] Discarding multiple pages with target (kb): 0
[13352:12920:0915/164452.219:WARNING:page_discarding_helper.cc(138)] Discarding multiple pages with target (kb): 0
[13352:12920:0915/164528.250:WARNING:page_discarding_helper.cc(138)] Discarding multiple pages with target (kb): 0
[13352:12920:0915/164533.800:WARNING:page_discarding_helper.cc(138)] Discarding multiple pages with target (kb): 0
[13352:12920:0915/164548.890:WARNING:page_discarding_helper.cc(138)] Discarding multiple pages with target (kb): 0
[13352:12920:0915/164553.923:WARNING:page_discarding_helper.cc(138)] Discarding multiple pages with target (kb): 0
[13352:12920:0915/164558.951:WARNING:page_discarding_helper.cc(138)] Discarding multiple pages with target (kb): 0
[13352:12920:0915/164603.951:WARNING:page_discarding_helper.cc(138)] Discarding multiple pages with target (kb): 0
[13352:12920:0915/164608.953:WARNING:page_discarding_helper.cc(138)] Discarding multiple pages with target (kb): 0
[13352:12920:0915/164613.981:WARNING:page_discarding_helper.cc(138)] Discarding multiple pages with target (kb): 0
[13352:12920:0915/164618.998:WARNING:page_discarding_helper.cc(138)] Discarding multiple pages with target (kb): 0
[13352:12920:0915/164624.046:WARNING:page_discarding_helper.cc(138)] Discarding multiple pages with target (kb): 0
[13352:12920:0915/164629.066:WARNING:page_discarding_helper.cc(138)] Discarding multiple pages with target (kb): 0
[13352:12920:0915/164634.124:WARNING:page_discarding_helper.cc(138)] Discarding multiple pages with target (kb): 0
[13352:12920:0915/164639.175:WARNING:page_discarding_helper.cc(138)] Discarding multiple pages with target (kb): 0
[13352:12920:0915/164644.201:WARNING:page_discarding_helper.cc(138)] Discarding multiple pages with target (kb): 0
[13352:12920:0915/165622.450:WARNING:page_discarding_helper.cc(138)] Discarding multiple pages with target (kb): 0
[13352:12920:0915/165632.519:WARNING:page_discarding_helper.cc(138)] Discarding multiple pages with target (kb): 0
[13352:12920:0915/165637.520:WARNING:page_discarding_helper.cc(138)] Discarding multiple pages with target (kb): 0
[13352:12920:0915/165647.537:WARNING:page_discarding_helper.cc(138)] Discarding multiple pages with target (kb): 0
[13352:12920:0915/165922.650:WARNING:page_discarding_helper.cc(138)] Discarding multiple pages with target (kb): 0
[13352:12920:0915/165927.701:WARNING:page_discarding_helper.cc(138)] Discarding multiple pages with target (kb): 0
[13352:12920:0915/165928.053:WARNING:pref_notifier_impl.cc(41)] Pref observer for media_router.cast_allow_all_ips found at shutdown.
